// Jest Snapshot v1, https://jestjs.io/docs/snapshot-testing

exports[`Container Component matches snapshot 1`] = `
<Text>
  Snapshot Child
</Text>
`;
